// Jest Snapshot v1, https://goo.gl/fbAQLP

exports[`MrKrabbyPattyMenu component renders MrKrabbyPattyMenu 1`] = `
<DocumentFragment>
  <div
    class="MrKrabbyPattyMenu"
    style="background-color: grey; width: 90vw; height: 90vw; color: black;"
  >
    <form>
      <label
        class="url"
      >
        <input
          name="url"
          placeholder="Type Api Url Here"
          type="text"
          value=""
        />
      </label>
      <br />
      <br />
      <section
        class="formRadio"
      >
        <label
          for="GET"
        >
          GET
        </label>
        <input
          id="get"
          name="method"
          type="radio"
          value="GET"
        />
        <label
          for="POST"
        >
          POST
        </label>
        <input
          id="post"
          name="method"
          type="radio"
          value="POST"
        />
        <label
          for="POST"
        >
          POST
        </label>
        <input
          id="put"
          name="method"
          type="radio"
          value="PUT"
        />
        <label
          for="PATCH"
        >
          PATCH
        </label>
        <input
          id="patch"
          name="method"
          type="radio"
          value="PATCH"
        />
        <label
          for="DELETE"
        >
          DELETE
        </label>
        <input
          id="delete"
          name="method"
          type="radio"
          value="DELETE"
        />
      </section>
      <br />
      <br />
      <label>
        <textarea
          name="json"
        />
        <br />
        <br />
        <button>
          SEND
        </button>
      </label>
    </form>
  </div>
</DocumentFragment>
`;
